Checking/creating stocks table...
LINE digest job scheduled at 08:30 Asia/Bangkok.
Server listening on port 3333
Health check available at http://localhost:3333/health-check
Connected to MySQL successfully!
Stocks table check/creation completed successfully.
[AUDIT-DEBUG] GET /get-case-info?itemsPerPage=100000 → NO TOKEN found in headers
[HTTP] GET /get-case-info?itemsPerPage=100000
[AUDIT-DEBUG] GET /get-case-info?itemsPerPage=100000 → NO TOKEN found in headers
[AUDIT-DEBUG] GET /get-case-info?caseStatus=%e0%b8%aa%e0%b9%88%e0%b8%87%e0%b8%a1%e0%b8%ad%e0%b8%9a&itemsPerPage=100000 → NO TOKEN found in headers
[HTTP] GET /get-case-info?caseStatus=%e0%b8%aa%e0%b9%88%e0%b8%87%e0%b8%a1%e0%b8%ad%e0%b8%9a&itemsPerPage=100000
[AUDIT-DEBUG] GET /get-case-info?caseStatus=%e0%b8%aa%e0%b9%88%e0%b8%87%e0%b8%a1%e0%b8%ad%e0%b8%9a&itemsPerPage=100000 → NO TOKEN found in headers
[AUDIT-DEBUG] GET /get-case-info?caseStatus=%e0%b8%aa%e0%b9%88%e0%b8%87%e0%b8%a1%e0%b8%ad%e0%b8%9a&itemsPerPage=100000 → NO TOKEN found in headers
[HTTP] GET /get-case-info?caseStatus=%e0%b8%aa%e0%b9%88%e0%b8%87%e0%b8%a1%e0%b8%ad%e0%b8%9a&itemsPerPage=100000
[AUDIT-DEBUG] GET /get-case-info?caseStatus=%e0%b8%aa%e0%b9%88%e0%b8%87%e0%b8%a1%e0%b8%ad%e0%b8%9a&itemsPerPage=100000 → NO TOKEN found in headers
[AUDIT-DEBUG] GET /get-case-info?dateRange=01-05-2569%2c31-05-2569&itemsPerPage=100000 → NO TOKEN found in headers
[HTTP] GET /get-case-info?dateRange=01-05-2569%2c31-05-2569&itemsPerPage=100000
[AUDIT-DEBUG] GET /get-case-info?dateRange=01-05-2569%2c31-05-2569&itemsPerPage=100000 → NO TOKEN found in headers
[AUDIT-DEBUG] GET /get-case-info?page=1&itemsPerPage=100000 → userId=3 (tae)
[HTTP] GET /get-case-info?page=1&itemsPerPage=100000
[AUDIT-DEBUG] GET /get-case-info?page=1&itemsPerPage=100000 → userId=3 (tae)
[AUDIT-DEBUG] GET /get-case-info?page=1&itemsPerPage=100000 → userId=3 (tae)
[HTTP] GET /get-case-info?page=1&itemsPerPage=100000
[AUDIT-DEBUG] GET /get-case-info?page=1&itemsPerPage=100000 → userId=3 (tae)
[AUDIT-DEBUG] GET /get-case-info?page=1&itemsPerPage=50 → userId=3 (tae)
[HTTP] GET /get-case-info?page=1&itemsPerPage=50
[AUDIT-DEBUG] GET /get-case-info?page=1&itemsPerPage=50 → userId=3 (tae)
[AUDIT-DEBUG] GET /get-filter-options → userId=3 (tae)
[HTTP] GET /get-filter-options
[AUDIT-DEBUG] GET /get-filter-options → userId=3 (tae)
[AUDIT-DEBUG] GET /get-filter-options → userId=3 (tae)
[HTTP] GET /get-filter-options
[AUDIT-DEBUG] GET /get-filter-options → userId=3 (tae)
[AUDIT-DEBUG] GET /get-case-info?page=1&itemsPerPage=50 → userId=3 (tae)
[HTTP] GET /get-case-info?page=1&itemsPerPage=50
[AUDIT-DEBUG] GET /get-case-info?page=1&itemsPerPage=50 → userId=3 (tae)
[AUDIT-DEBUG] GET /get-case-info?page=1&itemsPerPage=50 → userId=3 (tae)
[HTTP] GET /get-case-info?page=1&itemsPerPage=50
[AUDIT-DEBUG] GET /get-case-info?page=1&itemsPerPage=50 → userId=3 (tae)
[AUDIT-DEBUG] GET /get-filter-options → userId=3 (tae)
[HTTP] GET /get-filter-options
[AUDIT-DEBUG] GET /get-filter-options → userId=3 (tae)
[AUDIT-DEBUG] GET /get-case-info?page=1&itemsPerPage=50 → userId=3 (tae)
[HTTP] GET /get-case-info?page=1&itemsPerPage=50
[AUDIT-DEBUG] GET /get-case-info?page=1&itemsPerPage=50 → userId=3 (tae)
[AUDIT-DEBUG] GET /get-filter-options → userId=3 (tae)
[HTTP] GET /get-filter-options
[AUDIT-DEBUG] GET /get-filter-options → userId=3 (tae)
[AUDIT-DEBUG] GET /get-filter-options → userId=3 (tae)
[HTTP] GET /get-filter-options
[AUDIT-DEBUG] GET /get-filter-options → userId=3 (tae)
[AUDIT-DEBUG] GET /get-case-info?page=1&itemsPerPage=50 → userId=3 (tae)
[HTTP] GET /get-case-info?page=1&itemsPerPage=50
[AUDIT-DEBUG] GET /get-case-info?page=1&itemsPerPage=50 → userId=3 (tae)
[AUDIT-DEBUG] GET /get-case-info?page=1&itemsPerPage=50 → userId=3 (tae)
[HTTP] GET /get-case-info?page=1&itemsPerPage=50
[AUDIT-DEBUG] GET /get-case-info?page=1&itemsPerPage=50 → userId=3 (tae)
[AUDIT-DEBUG] GET /get-filter-options → userId=3 (tae)
[HTTP] GET /get-filter-options
[AUDIT-DEBUG] GET /get-filter-options → userId=3 (tae)
[AUDIT-DEBUG] GET /get-case-info?page=1&itemsPerPage=50 → userId=3 (tae)
[HTTP] GET /get-case-info?page=1&itemsPerPage=50
[AUDIT-DEBUG] GET /get-case-info?page=1&itemsPerPage=50 → userId=3 (tae)
[AUDIT-DEBUG] GET /get-filter-options → userId=3 (tae)
[HTTP] GET /get-filter-options
[AUDIT-DEBUG] GET /get-filter-options → userId=3 (tae)
[AUDIT-DEBUG] GET /get-case-info?page=1&itemsPerPage=50&dateRange=01-09-2569,30-09-2569 → userId=3 (tae)
[HTTP] GET /get-case-info?page=1&itemsPerPage=50&dateRange=01-09-2569,30-09-2569
[AUDIT-DEBUG] GET /get-case-info?page=1&itemsPerPage=50&dateRange=01-09-2569,30-09-2569 → userId=3 (tae)
[AUDIT-DEBUG] GET /get-case-info?page=1&itemsPerPage=50 → userId=3 (tae)
[HTTP] GET /get-case-info?page=1&itemsPerPage=50
[AUDIT-DEBUG] GET /get-case-info?page=1&itemsPerPage=50 → userId=3 (tae)
[AUDIT-DEBUG] POST /login → NO TOKEN found in headers
[HTTP] POST /login
[AUDIT-DEBUG] GET /get-case-info?page=1&itemsPerPage=50 → userId=3 (tae)
[HTTP] GET /get-case-info?page=1&itemsPerPage=50
[AUDIT-DEBUG] GET /get-case-info?page=1&itemsPerPage=50 → userId=3 (tae)
[AUDIT-DEBUG] GET /get-filter-options → userId=3 (tae)
[HTTP] GET /get-filter-options
[AUDIT-DEBUG] GET /get-filter-options → userId=3 (tae)
[AUDIT-DEBUG] GET /get-case-detail/NB-103 → userId=3 (tae)
[HTTP] GET /get-case-detail/NB-103
[AUDIT-DEBUG] GET /get-case-detail/NB-103 → userId=3 (tae)
[AUDIT-DEBUG] GET /get-case-info?page=1&itemsPerPage=50 → userId=3 (tae)
[HTTP] GET /get-case-info?page=1&itemsPerPage=50
[AUDIT-DEBUG] GET /get-case-info?page=1&itemsPerPage=50 → userId=3 (tae)
[AUDIT-DEBUG] GET /get-filter-options → userId=3 (tae)
[HTTP] GET /get-filter-options
[AUDIT-DEBUG] GET /get-filter-options → userId=3 (tae)
[AUDIT-DEBUG] GET /get-sent-repair-info?page=1&itemsPerPage=50 → userId=3 (tae)
[HTTP] GET /get-sent-repair-info?page=1&itemsPerPage=50
[AUDIT-DEBUG] GET /get-sent-repair-info?page=1&itemsPerPage=50 → userId=3 (tae)
[AUDIT-DEBUG] GET /get-sent-repair-info?page=1&itemsPerPage=50 → userId=3 (tae)
[AUDIT-DEBUG] GET /get-sent-repair-info?page=1&itemsPerPage=50 → userId=3 (tae)
[AUDIT-DEBUG] GET /get-case-info?page=1&itemsPerPage=300 → userId=3 (tae)
[HTTP] GET /get-case-info?page=1&itemsPerPage=300
[AUDIT-DEBUG] GET /get-case-info?page=1&itemsPerPage=300 → userId=3 (tae)
[AUDIT-DEBUG] GET /get-quotation-info?page=1&itemsPerPage=50 → userId=3 (tae)
[HTTP] GET /get-quotation-info?page=1&itemsPerPage=50
[AUDIT-DEBUG] GET /get-quotation-info?page=1&itemsPerPage=50 → userId=3 (tae)
[AUDIT-DEBUG] GET /get-quotation-info?page=1&itemsPerPage=50 → userId=3 (tae)
[AUDIT-DEBUG] GET /get-quotation-info?page=1&itemsPerPage=50 → userId=3 (tae)
[AUDIT-DEBUG] GET /get-quotation-info?page=1&itemsPerPage=50 → userId=3 (tae)
[AUDIT-DEBUG] GET /get-quotation-info?page=1&itemsPerPage=50&isBorrow=1 → userId=3 (tae)
[HTTP] GET /get-quotation-info?page=1&itemsPerPage=50&isBorrow=1
[AUDIT-DEBUG] GET /get-quotation-info?page=1&itemsPerPage=50&isBorrow=1 → userId=3 (tae)
[AUDIT-DEBUG] GET /get-quotation-info?page=1&itemsPerPage=50&isBorrow=1 → userId=3 (tae)
[AUDIT-DEBUG] GET /get-quotation-info?page=1&itemsPerPage=50&isBorrow=1 → userId=3 (tae)
[AUDIT-DEBUG] GET /get-quotation-info?page=1&itemsPerPage=50&isBorrow=1 → userId=3 (tae)
[AUDIT-DEBUG] GET /quotation/BR-191 → userId=3 (tae)
[HTTP] GET /quotation/BR-191
[AUDIT-DEBUG] GET /quotation/BR-191 → userId=3 (tae)
[AUDIT-DEBUG] GET /quotation/BR-191 → userId=3 (tae)
[AUDIT-DEBUG] GET /quotation/BR-191 → userId=3 (tae)
[AUDIT-DEBUG] GET /quotation/BR-191 → userId=3 (tae)
[AUDIT-DEBUG] GET /templates → userId=3 (tae)
[HTTP] GET /templates
[AUDIT-DEBUG] GET /templates → userId=3 (tae)
[AUDIT-DEBUG] GET /templates → userId=3 (tae)
[AUDIT-DEBUG] GET /templates → userId=3 (tae)
[AUDIT-DEBUG] GET /templates → userId=3 (tae)
[AUDIT-DEBUG] GET /templates → userId=3 (tae)
[AUDIT-DEBUG] GET /quotation/delivery-notes/suggest?limit=5 → NO TOKEN found in headers
[HTTP] GET /quotation/delivery-notes/suggest?limit=5
[AUDIT-DEBUG] GET /quotation/delivery-notes/suggest?limit=5 → NO TOKEN found in headers
[AUDIT-DEBUG] GET /quotation/delivery-notes/suggest?limit=5 → NO TOKEN found in headers
[AUDIT-DEBUG] GET /quotation/delivery-notes/suggest?limit=5 → NO TOKEN found in headers
[AUDIT-DEBUG] GET /quotation/delivery-notes/suggest?limit=5 → NO TOKEN found in headers
[AUDIT-DEBUG] GET /quotation/delivery-notes/suggest?limit=5 → NO TOKEN found in headers
[AUDIT-DEBUG] GET /quotation/delivery-notes/suggest?limit=5 → NO TOKEN found in headers
[AUDIT-DEBUG] GET /quotation/delivery-notes/suggest?limit=5 → NO TOKEN found in headers
